<html>
<body>
<pre>
<h1>µVision Build Log</h1>
<h2>Project:</h2>
C:\Users\Abhijeet Prem\Documents\mini proj Micro - Copy\nndu proj\p1.uvproj
Project File Date:  10/31/2017

<h2>Output:</h2>
Build target 'Target 1'
compiling rro.c...
delay.h(12): warning:  #1-D: last line of file ends without a newline
                }
rro.c(58): warning:  #1-D: last line of file ends without a newline
  }
rro.c: 2 warnings, 0 errors
linking...
Program Size: Code=1220 RO-data=16 RW-data=0 ZI-data=1256  
FromELF: creating hex file...
".\p1.axf" - 0 Error(s), 2 Warning(s).
</pre>
</body>
</html>
