<html>
<body>
<pre>
<h1>µVision Build Log</h1>
<h2>Project:</h2>
C:\Users\Abhijeet Prem\Documents\mini proj Micro - Copy\ananth11.c
Project File Date:  11/06/2017

<h2>Output:</h2>
Build target 'Target 1'
linking...
Program Size: Code=924 RO-data=16 RW-data=0 ZI-data=1384  
FromELF: creating hex file...
".\ananth11.axf" - 0 Error(s), 0 Warning(s).
</pre>
</body>
</html>
 defined (by ananth11.o and switchcontrol1.o).
Not enough information to list image symbols.
Not enough information to list the image map.
Finished: 2 information, 0 warning and 2 error messages.
".\ananth11.axf" - 2 Error(s), 0 Warning(s).
Target not created
ation to list image symbols.
Not enough information to list the image map.
Finished: 2 information, 0 warning and 4 error messages.
".\ananth11.axf" - 4 Error(s), 0 Warning(s).
Target not created
 image map.
Finished: 2 information, 0 warning and 4 error messages.
".\ananth11.axf" - 4 Error(s), 1 Warning(s).
Target not created
axf: Error: L6200E: Symbol delay multiply defined (by rro.o and ananth.o).
Not enough information to list image symbols.
Not enough information to list the image map.
Finished: 2 information, 0 warning and 7 error messages.
".\ananth11.axf" - 7 Error(s), 1 Warning(s).
Target not created
ated
