<html>
<body>
<pre>
<h1>µVision Build Log</h1>
<h2>Project:</h2>
C:\Users\Ananth\Documents\mini proj Micro\traffic_light.uvproj
Project File Date:  10/30/2017

<h2>Output:</h2>
Build target 'Target 1'
compiling server.c...
delay.h(7): warning:  #1-D: last line of file ends without a newline
  }
InitPLL0.h(13): warning:  #1-D: last line of file ends without a newline
                }
InitTimer0.h(6): warning:  #1-D: last line of file ends without a newline
  }
server.c: 3 warnings, 0 errors
linking...
Program Size: Code=856 RO-data=16 RW-data=0 ZI-data=1256  
FromELF: creating hex file...
".\traffic_light.axf" - 0 Error(s), 3 Warning(s).
</pre>
</body>
</html>
